[2J[0m[5m         __[0m
[1m   [44mзддддддддддддд©[0m
[1m [44mздадддддддддддддад©[40m                        [0m
[1m [44mЁ[40m  POLICE   BOX   [44mЁ[40m         [0m
[1m [44mюддддддддддддддддды[40m        [0m
[1m  [0;44m╟[1m здбд©[34m Ё [37mздбд© [0;44m╟[1;40m    [0m
[1m  [0;44m╟[1m ЁЧЁЧЁ[34m Ё [37mЁЧЁЧЁ [0;44m╟[1;40m     [0m
[1m  [0;44m╟[1m ЁЧЁЧЁ[34m Ё [37mЁЧЁЧЁ [0;44m╟[1;40m   [0m
[1m  [0;44m╟[1m юдады[34m Ё [37mюдады [0;44m╟[40m
[1m  [0;44m╟[1m зддд©[34m Ё [37mзддд© [0;44m╟[1;40m [0m 
[1m  [0;44m╟[1m Ё╡╡╡Ё[34m Ёo[37mЁ   Ё [0;44m╟[1;40m  [0m
[1m  [0;44m╟[1m Ё╡╡╡Ё[34m Ё [37mЁ   Ё [0;44m╟[1;40m  [0m
[1m  [0;44m╟[1m юддды[34m Ё [37mюддды [0;44m╟[1;40m [0m
[1m  [0;44m╟[1m зддд©[34m Ё [37mзддд© [0;44m╟[40m
[1m  [0;44m╟[1m Ё   Ё [34mЁ[37m Ё   Ё [0;44m╟[1;40m   [0m
[1m  [0;44m╟[1m Ё   Ё [34mЁ[37m Ё   Ё [0;44m╟[1;40m         [0m
[1m  [0;44m╟[1;34m [37mюддды[34m Ё [37mюддды[34m [0;44m╟[40m
[1m  [0;44m╟[1;34m [37mзддд©[34m Ё[37m зддд©[34m [0;44m╟[40m
[1m  [0;44m╟[1m Ё   Ё [34mЁ[37m Ё   Ё [0;44m╟[1;40m       [0m
[1m  [0;44m╟[1m Ё   Ё [34mЁ[37m Ё   Ё [0;44m╟[1;40m         [0m
[1m  [0;44m╟[1m юддды [34mЁ[37m юддды [0;44m╟[1;40m        [0m
[1m [30;44m╟╟╟╟╟╟╟╟╟╟╟╟╟╟╟╟╟╟╟[37;40m     [0m